2026-10-05 13:45:00.150 INFO  o.h.validator.internal.util.Version - HV000001: Hibernate Validator 9.0.1.Final
2026-10-05 13:45:00.190 INFO  a.d.s.c.ComputerControllerTest - Starting ComputerControllerTest using Java 21.0.9 with PID 15108 (started by -Nastlo in C:\GitHub\14AprelGroup\codes\spring\spring-project-14aprel\spring-project-14aprel)
2026-10-05 13:45:00.190 DEBUG a.d.s.c.ComputerControllerTest - Running with Spring Boot v4.0.6, Spring v7.0.7
2026-10-05 13:45:00.191 INFO  a.d.s.c.ComputerControllerTest - No active profile set, falling back to 1 default profile: "default"
2026-10-05 13:45:02.643 INFO  o.s.b.t.m.w.SpringBootMockServletContext - Initializing Spring TestDispatcherServlet ''
2026-10-05 13:45:02.647 INFO  o.s.t.w.s.TestDispatcherServlet - Initializing Servlet ''
2026-10-05 13:45:02.651 INFO  o.s.t.w.s.TestDispatcherServlet - Completed initialization in 3 ms
2026-10-05 13:45:02.696 INFO  a.d.s.c.ComputerControllerTest - Started ComputerControllerTest in 2.885 seconds (process running for 3.819)
2026-10-05 13:46:02.743 INFO  o.h.validator.internal.util.Version - HV000001: Hibernate Validator 9.0.1.Final
2026-10-05 13:46:02.790 INFO  a.d.s.c.ComputerControllerTest - Starting ComputerControllerTest using Java 21.0.9 with PID 30744 (started by -Nastlo in C:\GitHub\14AprelGroup\codes\spring\spring-project-14aprel\spring-project-14aprel)
2026-10-05 13:46:02.790 DEBUG a.d.s.c.ComputerControllerTest - Running with Spring Boot v4.0.6, Spring v7.0.7
2026-10-05 13:46:02.791 INFO  a.d.s.c.ComputerControllerTest - No active profile set, falling back to 1 default profile: "default"
2026-10-05 13:46:05.433 INFO  o.s.b.t.m.w.SpringBootMockServletContext - Initializing Spring TestDispatcherServlet ''
2026-10-05 13:46:05.433 INFO  o.s.t.w.s.TestDispatcherServlet - Initializing Servlet ''
2026-10-05 13:46:05.437 INFO  o.s.t.w.s.TestDispatcherServlet - Completed initialization in 3 ms
2026-10-05 13:46:05.482 INFO  a.d.s.c.ComputerControllerTest - Started ComputerControllerTest in 3.082 seconds (process running for 3.993)
2026-10-05 13:46:05.862 WARN  o.s.d.w.c.SpringDataJackson3Configuration$PageModule$WarningLoggingModifier - Serializing PageImpl instances as-is is not supported, meaning that there is no guarantee about the stability of the resulting JSON structure!
	For a stable JSON structure, please use Spring Data's PagedModel (globally via @EnableSpringDataWebSupport(pageSerializationMode = VIA_DTO))
	or Spring HATEOAS and Spring Data's PagedResourcesAssembler as documented in https://docs.spring.io/spring-data/commons/reference/repositories/core-extensions.html#core.web.pageables.

2026-10-05 13:46:11.515 INFO  o.h.validator.internal.util.Version - HV000001: Hibernate Validator 9.0.1.Final
2026-10-05 13:46:11.554 INFO  a.d.s.controller.UserControllerTest - Starting UserControllerTest using Java 21.0.9 with PID 8552 (started by -Nastlo in C:\GitHub\14AprelGroup\codes\spring\spring-project-14aprel\spring-project-14aprel)
2026-10-05 13:46:11.555 DEBUG a.d.s.controller.UserControllerTest - Running with Spring Boot v4.0.6, Spring v7.0.7
2026-10-05 13:46:11.555 INFO  a.d.s.controller.UserControllerTest - No active profile set, falling back to 1 default profile: "default"
2026-10-05 13:46:14.174 INFO  o.s.b.t.m.w.SpringBootMockServletContext - Initializing Spring TestDispatcherServlet ''
2026-10-05 13:46:14.174 INFO  o.s.t.w.s.TestDispatcherServlet - Initializing Servlet ''
2026-10-05 13:46:14.180 INFO  o.s.t.w.s.TestDispatcherServlet - Completed initialization in 4 ms
2026-10-05 13:46:14.234 INFO  a.d.s.controller.UserControllerTest - Started UserControllerTest in 3.062 seconds (process running for 4.086)
